<?xml version="1.0" encoding="utf-8"?>
<TestRun id="8cf1dd6b-585e-4015-8630-eb7b7f7841b5" name="PC@LAPTOP-6DS4P02V 2026-06-11 16:24:48" runUser="LAPTOP-6DS4P02V\PC" xmlns="http://microsoft.com/schemas/VisualStudio/TeamTest/2010">
  <Times creation="2026-06-11T16:24:48.7077996+07:00" queuing="2026-06-11T16:24:48.7078001+07:00" start="2026-06-11T16:24:48.1423481+07:00" finish="2026-06-11T16:24:49.1725391+07:00" />
  <TestSettings name="default" id="96acfda4-ce29-4c70-a5a0-5469014e575b">
    <Deployment runDeploymentRoot="PC_LAPTOP-6DS4P02V_2026-06-11_16_24_48" />
  </TestSettings>
  <Results>
    <UnitTestResult executionId="df8af815-e194-4b37-a602-ec2cbbc07096" testId="658cdcc2-db5b-12e5-9c25-c01f7606a53c" testName="SpeakingBoost.Tests.Auth.LoginServicesTests.UpdatePassword_NonexistentUser_ReturnsFalse" computerName="LAPTOP-6DS4P02V" duration="00:00:00.0105223" startTime="2026-06-11T16:24:49.1099455+07:00" endTime="2026-06-11T16:24:49.1099460+07:00" testType="13cdc9d9-ddb5-4fa4-a97d-d965ccfc6d4b" outcome="Passed" testListId="8c84fa94-04c1-424b-9868-57a2d4851a1d" relativeResultsDirectory="df8af815-e194-4b37-a602-ec2cbbc07096" />
    <UnitTestResult executionId="362ad1c5-6109-472f-9cb6-e542d9e4e169" testId="28b797d6-0187-9671-03f0-d0b30f5f8a49" testName="SpeakingBoost.Tests.Auth.LoginServicesTests.UpdatePassword_ExistingUser_ReturnsTrue" computerName="LAPTOP-6DS4P02V" duration="00:00:00.0019642" startTime="2026-06-11T16:24:49.1175131+07:00" endTime="2026-06-11T16:24:49.1175132+07:00" testType="13cdc9d9-ddb5-4fa4-a97d-d965ccfc6d4b" outcome="Passed" testListId="8c84fa94-04c1-424b-9868-57a2d4851a1d" relativeResultsDirectory="362ad1c5-6109-472f-9cb6-e542d9e4e169" />
    <UnitTestResult executionId="41f958dc-6238-4a0d-adbc-0800d8cda6f8" testId="9b96e3df-79c9-8d4b-5f4f-5fa035fd45b7" testName="SpeakingBoost.Tests.Admin.UserServiceTests.DeleteUserAsync_ValidId_DeletesRelationsBeforeUser" computerName="LAPTOP-6DS4P02V" duration="00:00:00.0138451" startTime="2026-06-11T16:24:48.6861471+07:00" endTime="2026-06-11T16:24:48.6861472+07:00" testType="13cdc9d9-ddb5-4fa4-a97d-d965ccfc6d4b" outcome="Passed" testListId="8c84fa94-04c1-424b-9868-57a2d4851a1d" relativeResultsDirectory="41f958dc-6238-4a0d-adbc-0800d8cda6f8" />
    <UnitTestResult executionId="27684717-e4a3-4c1d-8ab6-7209b75b8a5f" testId="7adc3715-765c-b77c-f4e2-2acd9e456fe5" testName="SpeakingBoost.Tests.Auth.LoginServicesTests.HashPassword_SameInput_ReturnsSameHash" computerName="LAPTOP-6DS4P02V" duration="00:00:00.0004682" startTime="2026-06-11T16:24:49.1104617+07:00" endTime="2026-06-11T16:24:49.1104618+07:00" testType="13cdc9d9-ddb5-4fa4-a97d-d965ccfc6d4b" outcome="Passed" testListId="8c84fa94-04c1-424b-9868-57a2d4851a1d" relativeResultsDirectory="27684717-e4a3-4c1d-8ab6-7209b75b8a5f" />
    <UnitTestResult executionId="ddd3a9b0-b197-47fb-a810-0a399a996871" testId="d7d02a8a-907e-96bc-62b6-0b925c5f5741" testName="SpeakingBoost.Tests.Auth.JwtServiceTests.GenerateToken_ValidUser_ReturnsValidJwtString" computerName="LAPTOP-6DS4P02V" duration="00:00:00.0023230" startTime="2026-06-11T16:24:48.6257542+07:00" endTime="2026-06-11T16:24:48.6257543+07:00" testType="13cdc9d9-ddb5-4fa4-a97d-d965ccfc6d4b" outcome="Passed" testListId="8c84fa94-04c1-424b-9868-57a2d4851a1d" relativeResultsDirectory="ddd3a9b0-b197-47fb-a810-0a399a996871" />
    <UnitTestResult executionId="27a86703-ba11-4371-84d4-11c2d5b1963b" testId="93226883-4ffd-e054-e6e3-71e6e18b2714" testName="SpeakingBoost.Tests.Student.SubmissionServiceTests.GetAllHistoryAsync_StudentWithNoSubmissions_ReturnsEmptyList" computerName="LAPTOP-6DS4P02V" duration="00:00:00.0032536" startTime="2026-06-11T16:24:48.6889979+07:00" endTime="2026-06-11T16:24:48.6889979+07:00" testType="13cdc9d9-ddb5-4fa4-a97d-d965ccfc6d4b" outcome="Passed" testListId="8c84fa94-04c1-424b-9868-57a2d4851a1d" relativeResultsDirectory="27a86703-ba11-4371-84d4-11c2d5b1963b" />
    <UnitTestResult executionId="9801f569-47e0-48d1-9db7-122a3c25e300" testId="f33e3c8e-7cb6-2d6e-2ffd-f7403a6183e8" testName="SpeakingBoost.Tests.Auth.LoginServicesTests.Login_WithEmailHavingWhitespace_TrimsAndReturnsUser" computerName="LAPTOP-6DS4P02V" duration="00:00:00.0004239" startTime="2026-06-11T16:24:49.1154634+07:00" endTime="2026-06-11T16:24:49.1154634+07:00" testType="13cdc9d9-ddb5-4fa4-a97d-d965ccfc6d4b" outcome="Passed" testListId="8c84fa94-04c1-424b-9868-57a2d4851a1d" relativeResultsDirectory="9801f569-47e0-48d1-9db7-122a3c25e300" />
    <UnitTestResult executionId="54070067-bcdd-45c7-83a8-c1ffa78118b4" testId="4c2e3c49-d140-9f61-7730-8c1fc853360c" testName="SpeakingBoost.Tests.Auth.LoginServicesTests.GetUserByEmail_ExistingEmail_ReturnsUser" computerName="LAPTOP-6DS4P02V" duration="00:00:00.0038612" startTime="2026-06-11T16:24:49.1144104+07:00" endTime="2026-06-11T16:24:49.1144105+07:00" testType="13cdc9d9-ddb5-4fa4-a97d-d965ccfc6d4b" outcome="Passed" testListId="8c84fa94-04c1-424b-9868-57a2d4851a1d" relativeResultsDirectory="54070067-bcdd-45c7-83a8-c1ffa78118b4" />
    <UnitTestResult executionId="06106bb9-c83e-4e74-9df0-3738cbea9249" testId="daaa2c79-7c99-b21a-5607-75dda9877321" testName="SpeakingBoost.Tests.Student.SubmissionServiceTests.GetAllHistoryAsync_ValidStudentId_ReturnsSubmissionList" computerName="LAPTOP-6DS4P02V" duration="00:00:00.0095730" startTime="2026-06-11T16:24:48.6883831+07:00" endTime="2026-06-11T16:24:48.6883832+07:00" testType="13cdc9d9-ddb5-4fa4-a97d-d965ccfc6d4b" outcome="Passed" testListId="8c84fa94-04c1-424b-9868-57a2d4851a1d" relativeResultsDirectory="06106bb9-c83e-4e74-9df0-3738cbea9249" />
    <UnitTestResult executionId="761b9b55-bd75-4dae-92b2-f541ac7cf8da" testId="72331232-14d2-41fb-c0d8-20a2341f04a7" testName="SpeakingBoost.Tests.Auth.LoginServicesTests.Login_WithNonexistentEmail_ReturnsNull" computerName="LAPTOP-6DS4P02V" duration="00:00:00.0146611" startTime="2026-06-11T16:24:49.0993570+07:00" endTime="2026-06-11T16:24:49.0993572+07:00" testType="13cdc9d9-ddb5-4fa4-a97d-d965ccfc6d4b" outcome="Passed" testListId="8c84fa94-04c1-424b-9868-57a2d4851a1d" relativeResultsDirectory="761b9b55-bd75-4dae-92b2-f541ac7cf8da" />
    <UnitTestResult executionId="45f857fa-8edf-4747-bf87-380494394703" testId="4192f3f4-ca53-a429-71a4-9ecbd0622080" testName="SpeakingBoost.Tests.Admin.UserServiceTests.GetUserByIdAsync_ValidStudentId_ReturnsUserDto" computerName="LAPTOP-6DS4P02V" duration="00:00:00.0725951" startTime="2026-06-11T16:24:48.6442773+07:00" endTime="2026-06-11T16:24:48.6442774+07:00" testType="13cdc9d9-ddb5-4fa4-a97d-d965ccfc6d4b" outcome="Passed" testListId="8c84fa94-04c1-424b-9868-57a2d4851a1d" relativeResultsDirectory="45f857fa-8edf-4747-bf87-380494394703" />
    <UnitTestResult executionId="f94c28d6-c5e5-462c-b78c-15e2f75bcab0" testId="2280788f-288f-7f74-8307-b17b5b2f86a5" testName="SpeakingBoost.Tests.Admin.UserServiceTests.DeleteUserAsync_NonexistentId_ThrowsKeyNotFoundException" computerName="LAPTOP-6DS4P02V" duration="00:00:00.0005684" startTime="2026-06-11T16:24:48.6882451+07:00" endTime="2026-06-11T16:24:48.6882452+07:00" testType="13cdc9d9-ddb5-4fa4-a97d-d965ccfc6d4b" outcome="Passed" testListId="8c84fa94-04c1-424b-9868-57a2d4851a1d" relativeResultsDirectory="f94c28d6-c5e5-462c-b78c-15e2f75bcab0" />
    <UnitTestResult executionId="1fdb6b19-8c3f-446b-8e81-69898b959486" testId="e308b5bf-5a67-40a0-7671-b12da88545d1" testName="SpeakingBoost.Tests.Student.SubmissionServiceTests.GetAttemptDetailAsync_SubmissionNotBelongToStudent_ReturnsFail" computerName="LAPTOP-6DS4P02V" duration="00:00:00.0727335" startTime="2026-06-11T16:24:48.6443786+07:00" endTime="2026-06-11T16:24:48.6443788+07:00" testType="13cdc9d9-ddb5-4fa4-a97d-d965ccfc6d4b" outcome="Passed" testListId="8c84fa94-04c1-424b-9868-57a2d4851a1d" relativeResultsDirectory="1fdb6b19-8c3f-446b-8e81-69898b959486" />
    <UnitTestResult executionId="d813e012-9403-40c0-b91f-1089c8260333" testId="b7f21711-7c3b-a686-2c7b-264ba174d53c" testName="SpeakingBoost.Tests.Auth.JwtServiceTests.GenerateToken_NewToken_IsNotExpired" computerName="LAPTOP-6DS4P02V" duration="00:00:00.0004891" startTime="2026-06-11T16:24:48.6262708+07:00" endTime="2026-06-11T16:24:48.6262709+07:00" testType="13cdc9d9-ddb5-4fa4-a97d-d965ccfc6d4b" outcome="Passed" testListId="8c84fa94-04c1-424b-9868-57a2d4851a1d" relativeResultsDirectory="d813e012-9403-40c0-b91f-1089c8260333" />
    <UnitTestResult executionId="a6fd00ac-e41a-4400-a088-70d7ed194273" testId="64b7303c-c5b6-9d20-17d9-292c4597d855" testName="SpeakingBoost.Tests.Admin.ExerciseServiceTests.DeleteTopicAsync_WithSubmissions_ThrowsInvalidOperationException" computerName="LAPTOP-6DS4P02V" duration="00:00:00.0020272" startTime="2026-06-11T16:24:48.6916756+07:00" endTime="2026-06-11T16:24:48.6916757+07:00" testType="13cdc9d9-ddb5-4fa4-a97d-d965ccfc6d4b" outcome="Passed" testListId="8c84fa94-04c1-424b-9868-57a2d4851a1d" relativeResultsDirectory="a6fd00ac-e41a-4400-a088-70d7ed194273" />
    <UnitTestResult executionId="0ff125b7-de39-4e0a-a356-af514419fab4" testId="d255cb4f-a163-7d2f-c45a-64fd4bdc28c9" testName="SpeakingBoost.Tests.Admin.ExerciseServiceTests.UpdateTopicAsync_DuplicateName_ThrowsInvalidOperationException" computerName="LAPTOP-6DS4P02V" duration="00:00:00.0013740" startTime="2026-06-11T16:24:48.6896113+07:00" endTime="2026-06-11T16:24:48.6896114+07:00" testType="13cdc9d9-ddb5-4fa4-a97d-d965ccfc6d4b" outcome="Passed" testListId="8c84fa94-04c1-424b-9868-57a2d4851a1d" relativeResultsDirectory="0ff125b7-de39-4e0a-a356-af514419fab4" />
    <UnitTestResult executionId="76ab0201-37be-466f-a9f7-bc22ed0c3228" testId="fb7a822f-db09-77a1-d235-d329b1b4b6a8" testName="SpeakingBoost.Tests.Admin.ExerciseServiceTests.AddExerciseAsync_ValidData_ReturnsExerciseDto" computerName="LAPTOP-6DS4P02V" duration="00:00:00.0130875" startTime="2026-06-11T16:24:48.6861980+07:00" endTime="2026-06-11T16:24:48.6861980+07:00" testType="13cdc9d9-ddb5-4fa4-a97d-d965ccfc6d4b" outcome="Passed" testListId="8c84fa94-04c1-424b-9868-57a2d4851a1d" relativeResultsDirectory="76ab0201-37be-466f-a9f7-bc22ed0c3228" />
    <UnitTestResult executionId="fcd1527d-2098-4682-8bc6-8f877a032c4f" testId="55e916d3-1326-97ba-1196-499fe305f76f" testName="SpeakingBoost.Tests.Admin.ExerciseServiceTests.DeleteExerciseAsync_WithSubmissions_DeletesSubmissionsFirst" computerName="LAPTOP-6DS4P02V" duration="00:00:00.0053371" startTime="2026-06-11T16:24:48.6890942+07:00" endTime="2026-06-11T16:24:48.6890942+07:00" testType="13cdc9d9-ddb5-4fa4-a97d-d965ccfc6d4b" outcome="Passed" testListId="8c84fa94-04c1-424b-9868-57a2d4851a1d" relativeResultsDirectory="fcd1527d-2098-4682-8bc6-8f877a032c4f" />
    <UnitTestResult executionId="3c18e84d-c748-4f30-a18b-5cacef99bc1e" testId="6faa71d9-890a-3297-57a7-d114d9f036e8" testName="SpeakingBoost.Tests.Admin.ExerciseServiceTests.CreateTopicAsync_DuplicateName_ThrowsInvalidOperationException" computerName="LAPTOP-6DS4P02V" duration="00:00:00.0097447" startTime="2026-06-11T16:24:48.6890572+07:00" endTime="2026-06-11T16:24:48.6890573+07:00" testType="13cdc9d9-ddb5-4fa4-a97d-d965ccfc6d4b" outcome="Passed" testListId="8c84fa94-04c1-424b-9868-57a2d4851a1d" relativeResultsDirectory="3c18e84d-c748-4f30-a18b-5cacef99bc1e" />
    <UnitTestResult executionId="70a8f8fd-f200-4290-b9fb-ab9c61443cf6" testId="deae44f7-523c-34a9-833d-cc42378a182b" testName="SpeakingBoost.Tests.Auth.LoginServicesTests.HashPassword_DifferentPasswords_ReturnDifferentHashes" computerName="LAPTOP-6DS4P02V" duration="00:00:00.0230384" startTime="2026-06-11T16:24:49.0845959+07:00" endTime="2026-06-11T16:24:49.0845962+07:00" testType="13cdc9d9-ddb5-4fa4-a97d-d965ccfc6d4b" outcome="Passed" testListId="8c84fa94-04c1-424b-9868-57a2d4851a1d" relativeResultsDirectory="70a8f8fd-f200-4290-b9fb-ab9c61443cf6" />
    <UnitTestResult executionId="a50d193b-768a-4035-963b-810bf0ac56c1" testId="0b298fb0-1089-d200-d1dd-6f536ab9c741" testName="SpeakingBoost.Tests.Admin.ExerciseServiceTests.GetExerciseAsync_NonexistentId_ThrowsKeyNotFoundException" computerName="LAPTOP-6DS4P02V" duration="00:00:00.0070252" startTime="2026-06-11T16:24:48.6883629+07:00" endTime="2026-06-11T16:24:48.6883630+07:00" testType="13cdc9d9-ddb5-4fa4-a97d-d965ccfc6d4b" outcome="Passed" testListId="8c84fa94-04c1-424b-9868-57a2d4851a1d" relativeResultsDirectory="a50d193b-768a-4035-963b-810bf0ac56c1" />
    <UnitTestResult executionId="391a6a70-6372-49d3-81f4-39a464c2363a" testId="a212cc9b-1643-e7a7-8e70-635b05920c3c" testName="SpeakingBoost.Tests.Auth.LoginServicesTests.Login_WithCorrectCredentials_ReturnsUser" computerName="LAPTOP-6DS4P02V" duration="00:00:00.0005553" startTime="2026-06-11T16:24:49.1149950+07:00" endTime="2026-06-11T16:24:49.1149951+07:00" testType="13cdc9d9-ddb5-4fa4-a97d-d965ccfc6d4b" outcome="Passed" testListId="8c84fa94-04c1-424b-9868-57a2d4851a1d" relativeResultsDirectory="391a6a70-6372-49d3-81f4-39a464c2363a" />
    <UnitTestResult executionId="588baf1e-1700-4e1e-a56e-ee03e6bc873b" testId="12c0ccf3-9a49-0aee-2c22-46e049640a2c" testName="SpeakingBoost.Tests.Admin.UserServiceTests.UpdateUserAsync_ValidData_NormalizesEmail" computerName="LAPTOP-6DS4P02V" duration="00:00:00.0070794" startTime="2026-06-11T16:24:48.6884402+07:00" endTime="2026-06-11T16:24:48.6884402+07:00" testType="13cdc9d9-ddb5-4fa4-a97d-d965ccfc6d4b" outcome="Passed" testListId="8c84fa94-04c1-424b-9868-57a2d4851a1d" relativeResultsDirectory="588baf1e-1700-4e1e-a56e-ee03e6bc873b" />
    <UnitTestResult executionId="2c954f83-0aea-4358-968f-e515186700ca" testId="ab2f35ce-2bc1-3c8a-8bdd-1877769e5859" testName="SpeakingBoost.Tests.Auth.LoginServicesTests.Login_WithWrongPassword_ReturnsNull" computerName="LAPTOP-6DS4P02V" duration="00:00:00.4896976" startTime="2026-06-11T16:24:49.0615404+07:00" endTime="2026-06-11T16:24:49.0615407+07:00" testType="13cdc9d9-ddb5-4fa4-a97d-d965ccfc6d4b" outcome="Passed" testListId="8c84fa94-04c1-424b-9868-57a2d4851a1d" relativeResultsDirectory="2c954f83-0aea-4358-968f-e515186700ca" />
    <UnitTestResult executionId="2c6d7020-ce30-45e6-98bd-070f655bd9af" testId="5355d7c1-4819-6520-7982-00a94b67ff99" testName="SpeakingBoost.Tests.Admin.UserServiceTests.GetUserByIdAsync_NonexistentId_ThrowsKeyNotFoundException" computerName="LAPTOP-6DS4P02V" duration="00:00:00.0005415" startTime="2026-06-11T16:24:48.6883231+07:00" endTime="2026-06-11T16:24:48.6883231+07:00" testType="13cdc9d9-ddb5-4fa4-a97d-d965ccfc6d4b" outcome="Passed" testListId="8c84fa94-04c1-424b-9868-57a2d4851a1d" relativeResultsDirectory="2c6d7020-ce30-45e6-98bd-070f655bd9af" />
    <UnitTestResult executionId="06a90ac9-bf97-408a-bdf6-5d9426b0a64e" testId="5dffeae6-617e-e10d-655a-2f04113164ef" testName="SpeakingBoost.Tests.Student.SubmissionServiceTests.GetAttemptDetailAsync_ValidSubmission_ReturnsDetailDto" computerName="LAPTOP-6DS4P02V" duration="00:00:00.0162871" startTime="2026-06-11T16:24:48.6863113+07:00" endTime="2026-06-11T16:24:48.6863114+07:00" testType="13cdc9d9-ddb5-4fa4-a97d-d965ccfc6d4b" outcome="Passed" testListId="8c84fa94-04c1-424b-9868-57a2d4851a1d" relativeResultsDirectory="06a90ac9-bf97-408a-bdf6-5d9426b0a64e" />
    <UnitTestResult executionId="597d3432-9524-4076-a567-b6a083242263" testId="2bb2e4e4-2abd-21a7-5966-800083513c3f" testName="SpeakingBoost.Tests.Student.SubmissionServiceTests.GetStatusAsync_NonexistentSubmission_ReturnsFail404" computerName="LAPTOP-6DS4P02V" duration="00:00:00.0023993" startTime="2026-06-11T16:24:48.6860221+07:00" endTime="2026-06-11T16:24:48.6860222+07:00" testType="13cdc9d9-ddb5-4fa4-a97d-d965ccfc6d4b" outcome="Passed" testListId="8c84fa94-04c1-424b-9868-57a2d4851a1d" relativeResultsDirectory="597d3432-9524-4076-a567-b6a083242263" />
    <UnitTestResult executionId="811bf7e3-b765-4836-8823-d428af0f9469" testId="006a13a1-52ba-cbf0-959d-e383be097e8d" testName="SpeakingBoost.Tests.Auth.JwtServiceTests.GenerateToken_ValidUser_ContainsCorrectClaims" computerName="LAPTOP-6DS4P02V" duration="00:00:00.0458320" startTime="2026-06-11T16:24:48.6234848+07:00" endTime="2026-06-11T16:24:48.6234981+07:00" testType="13cdc9d9-ddb5-4fa4-a97d-d965ccfc6d4b" outcome="Passed" testListId="8c84fa94-04c1-424b-9868-57a2d4851a1d" relativeResultsDirectory="811bf7e3-b765-4836-8823-d428af0f9469" />
    <UnitTestResult executionId="d4f8f450-a05e-4537-9749-07381498f71d" testId="4ea8811e-e6f4-984a-092e-287655d39712" testName="SpeakingBoost.Tests.Admin.UserServiceTests.CreateUserAsync_DuplicateEmail_ThrowsInvalidOperationException" computerName="LAPTOP-6DS4P02V" duration="00:00:00.0091332" startTime="2026-06-11T16:24:48.6890307+07:00" endTime="2026-06-11T16:24:48.6890308+07:00" testType="13cdc9d9-ddb5-4fa4-a97d-d965ccfc6d4b" outcome="Passed" testListId="8c84fa94-04c1-424b-9868-57a2d4851a1d" relativeResultsDirectory="d4f8f450-a05e-4537-9749-07381498f71d" />
    <UnitTestResult executionId="147707c7-8fac-4b3b-bac4-d2615c20ef20" testId="28ce3b41-5e26-4c37-1327-4987eb65588a" testName="SpeakingBoost.Tests.Admin.ExerciseServiceTests.UpdateExerciseAsync_MissingTopicId_ThrowsArgumentException" computerName="LAPTOP-6DS4P02V" duration="00:00:00.0033927" startTime="2026-06-11T16:24:48.6860887+07:00" endTime="2026-06-11T16:24:48.6860887+07:00" testType="13cdc9d9-ddb5-4fa4-a97d-d965ccfc6d4b" outcome="Passed" testListId="8c84fa94-04c1-424b-9868-57a2d4851a1d" relativeResultsDirectory="147707c7-8fac-4b3b-bac4-d2615c20ef20" />
    <UnitTestResult executionId="a55909fb-a45b-4586-87f1-fb8df13df923" testId="5f437fc9-e2dd-e269-87b6-3333c8e04273" testName="SpeakingBoost.Tests.Admin.ExerciseServiceTests.DeleteTopicAsync_NonexistentId_ThrowsKeyNotFoundException" computerName="LAPTOP-6DS4P02V" duration="00:00:00.0725433" startTime="2026-06-11T16:24:48.6442148+07:00" endTime="2026-06-11T16:24:48.6442153+07:00" testType="13cdc9d9-ddb5-4fa4-a97d-d965ccfc6d4b" outcome="Passed" testListId="8c84fa94-04c1-424b-9868-57a2d4851a1d" relativeResultsDirectory="a55909fb-a45b-4586-87f1-fb8df13df923" />
    <UnitTestResult executionId="d518d28f-44b0-4b8e-8012-34bfaf6cccc5" testId="095af73f-653f-8a39-e699-c014b0276b96" testName="SpeakingBoost.Tests.Admin.UserServiceTests.CreateUserAsync_ValidDto_ReturnsUserDto" computerName="LAPTOP-6DS4P02V" duration="00:00:00.0032817" startTime="2026-06-11T16:24:48.6881949+07:00" endTime="2026-06-11T16:24:48.6881950+07:00" testType="13cdc9d9-ddb5-4fa4-a97d-d965ccfc6d4b" outcome="Passed" testListId="8c84fa94-04c1-424b-9868-57a2d4851a1d" relativeResultsDirectory="d518d28f-44b0-4b8e-8012-34bfaf6cccc5" />
    <UnitTestResult executionId="8bd79f11-1426-4271-a304-3f8ad869eb2c" testId="54e23d81-6103-1a5d-a86c-7a3c7e11f887" testName="SpeakingBoost.Tests.Admin.UserServiceTests.GetUserByIdAsync_AdminRole_ThrowsKeyNotFoundException" computerName="LAPTOP-6DS4P02V" duration="00:00:00.0012204" startTime="2026-06-11T16:24:48.6856710+07:00" endTime="2026-06-11T16:24:48.6856711+07:00" testType="13cdc9d9-ddb5-4fa4-a97d-d965ccfc6d4b" outcome="Passed" testListId="8c84fa94-04c1-424b-9868-57a2d4851a1d" relativeResultsDirectory="8bd79f11-1426-4271-a304-3f8ad869eb2c" />
    <UnitTestResult executionId="c187d51f-b84f-4de6-ae7c-00895c1fb551" testId="277da137-5b56-3eeb-79d1-b0e619208ec6" testName="SpeakingBoost.Tests.Admin.ExerciseServiceTests.AddExerciseAsync_InvalidTopicId_ThrowsKeyNotFoundException" computerName="LAPTOP-6DS4P02V" duration="00:00:00.0005159" startTime="2026-06-11T16:24:48.6928151+07:00" endTime="2026-06-11T16:24:48.6928152+07:00" testType="13cdc9d9-ddb5-4fa4-a97d-d965ccfc6d4b" outcome="Passed" testListId="8c84fa94-04c1-424b-9868-57a2d4851a1d" relativeResultsDirectory="c187d51f-b84f-4de6-ae7c-00895c1fb551" />
    <UnitTestResult executionId="6883683a-12ed-4eef-b230-3e1bdcb34edb" testId="e30a2f21-02da-702a-864e-8acac5e18300" testName="SpeakingBoost.Tests.Admin.ExerciseServiceTests.CreateTopicAsync_ValidDto_ReturnsTopicDto" computerName="LAPTOP-6DS4P02V" duration="00:00:00.0047835" startTime="2026-06-11T16:24:48.6882803+07:00" endTime="2026-06-11T16:24:48.6882804+07:00" testType="13cdc9d9-ddb5-4fa4-a97d-d965ccfc6d4b" outcome="Passed" testListId="8c84fa94-04c1-424b-9868-57a2d4851a1d" relativeResultsDirectory="6883683a-12ed-4eef-b230-3e1bdcb34edb" />
    <UnitTestResult executionId="d7d34745-976f-43f2-a447-e4dac8236f80" testId="42184c25-c812-dd4a-ca2a-5a572ae6bc33" testName="SpeakingBoost.Tests.Admin.UserServiceTests.UpdateUserAsync_EmailTakenByOther_ThrowsInvalidOperationException" computerName="LAPTOP-6DS4P02V" duration="00:00:00.0022548" startTime="2026-06-11T16:24:48.6862610+07:00" endTime="2026-06-11T16:24:48.6862610+07:00" testType="13cdc9d9-ddb5-4fa4-a97d-d965ccfc6d4b" outcome="Passed" testListId="8c84fa94-04c1-424b-9868-57a2d4851a1d" relativeResultsDirectory="d7d34745-976f-43f2-a447-e4dac8236f80" />
    <UnitTestResult executionId="1ea44199-9d01-4912-b367-7699b8b93cd6" testId="d0d5d0c3-aa7f-654a-90b9-b3b6e867dfd8" testName="SpeakingBoost.Tests.Admin.ExerciseServiceTests.UpdateTopicAsync_NonexistentId_ThrowsKeyNotFoundException" computerName="LAPTOP-6DS4P02V" duration="00:00:00.0005526" startTime="2026-06-11T16:24:48.6922827+07:00" endTime="2026-06-11T16:24:48.6922828+07:00" testType="13cdc9d9-ddb5-4fa4-a97d-d965ccfc6d4b" outcome="Passed" testListId="8c84fa94-04c1-424b-9868-57a2d4851a1d" relativeResultsDirectory="1ea44199-9d01-4912-b367-7699b8b93cd6" />
  </Results>
  <TestDefinitions>
    <UnitTest name="SpeakingBoost.Tests.Admin.UserServiceTests.UpdateUserAsync_EmailTakenByOther_ThrowsInvalidOperationException" storage="c:\users\pc\onedrive\desktop\it\c_sharp\speakingboost\speakingboost\speakingboost.tests\bin\debug\net8.0\speakingboost.tests.dll" id="42184c25-c812-dd4a-ca2a-5a572ae6bc33">
      <Execution id="d7d34745-976f-43f2-a447-e4dac8236f80" />
      <TestMethod codeBase="C:\Users\PC\OneDrive\Desktop\it\c_sharp\SpeakingBoost\SpeakingBoost\SpeakingBoost.Tests\bin\Debug\net8.0\SpeakingBoost.Tests.dll" adapterTypeName="executor://xunit/VsTestRunner2/netcoreapp" className="SpeakingBoost.Tests.Admin.UserServiceTests" name="UpdateUserAsync_EmailTakenByOther_ThrowsInvalidOperationException" />
    </UnitTest>
    <UnitTest name="SpeakingBoost.Tests.Auth.LoginServicesTests.HashPassword_DifferentPasswords_ReturnDifferentHashes" storage="c:\users\pc\onedrive\desktop\it\c_sharp\speakingboost\speakingboost\speakingboost.tests\bin\debug\net8.0\speakingboost.tests.dll" id="deae44f7-523c-34a9-833d-cc42378a182b">
      <Execution id="70a8f8fd-f200-4290-b9fb-ab9c61443cf6" />
      <TestMethod codeBase="C:\Users\PC\OneDrive\Desktop\it\c_sharp\SpeakingBoost\SpeakingBoost\SpeakingBoost.Tests\bin\Debug\net8.0\SpeakingBoost.Tests.dll" adapterTypeName="executor://xunit/VsTestRunner2/netcoreapp" className="SpeakingBoost.Tests.Auth.LoginServicesTests" name="HashPassword_DifferentPasswords_ReturnDifferentHashes" />
    </UnitTest>
    <UnitTest name="SpeakingBoost.Tests.Admin.ExerciseServiceTests.DeleteTopicAsync_NonexistentId_ThrowsKeyNotFoundException" storage="c:\users\pc\onedrive\desktop\it\c_sharp\speakingboost\speakingboost\speakingboost.tests\bin\debug\net8.0\speakingboost.tests.dll" id="5f437fc9-e2dd-e269-87b6-3333c8e04273">
      <Execution id="a55909fb-a45b-4586-87f1-fb8df13df923" />
      <TestMethod codeBase="C:\Users\PC\OneDrive\Desktop\it\c_sharp\SpeakingBoost\SpeakingBoost\SpeakingBoost.Tests\bin\Debug\net8.0\SpeakingBoost.Tests.dll" adapterTypeName="executor://xunit/VsTestRunner2/netcoreapp" className="SpeakingBoost.Tests.Admin.ExerciseServiceTests" name="DeleteTopicAsync_NonexistentId_ThrowsKeyNotFoundException" />
    </UnitTest>
    <UnitTest name="SpeakingBoost.Tests.Auth.LoginServicesTests.Login_WithWrongPassword_ReturnsNull" storage="c:\users\pc\onedrive\desktop\it\c_sharp\speakingboost\speakingboost\speakingboost.tests\bin\debug\net8.0\speakingboost.tests.dll" id="ab2f35ce-2bc1-3c8a-8bdd-1877769e5859">
      <Execution id="2c954f83-0aea-4358-968f-e515186700ca" />
      <TestMethod codeBase="C:\Users\PC\OneDrive\Desktop\it\c_sharp\SpeakingBoost\SpeakingBoost\SpeakingBoost.Tests\bin\Debug\net8.0\SpeakingBoost.Tests.dll" adapterTypeName="executor://xunit/VsTestRunner2/netcoreapp" className="SpeakingBoost.Tests.Auth.LoginServicesTests" name="Login_WithWrongPassword_ReturnsNull" />
    </UnitTest>
    <UnitTest name="SpeakingBoost.Tests.Auth.LoginServicesTests.Login_WithEmailHavingWhitespace_TrimsAndReturnsUser" storage="c:\users\pc\onedrive\desktop\it\c_sharp\speakingboost\speakingboost\speakingboost.tests\bin\debug\net8.0\speakingboost.tests.dll" id="f33e3c8e-7cb6-2d6e-2ffd-f7403a6183e8">
      <Execution id="9801f569-47e0-48d1-9db7-122a3c25e300" />
      <TestMethod codeBase="C:\Users\PC\OneDrive\Desktop\it\c_sharp\SpeakingBoost\SpeakingBoost\SpeakingBoost.Tests\bin\Debug\net8.0\SpeakingBoost.Tests.dll" adapterTypeName="executor://xunit/VsTestRunner2/netcoreapp" className="SpeakingBoost.Tests.Auth.LoginServicesTests" name="Login_WithEmailHavingWhitespace_TrimsAndReturnsUser" />
    </UnitTest>
    <UnitTest name="SpeakingBoost.Tests.Admin.UserServiceTests.CreateUserAsync_ValidDto_ReturnsUserDto" storage="c:\users\pc\onedrive\desktop\it\c_sharp\speakingboost\speakingboost\speakingboost.tests\bin\debug\net8.0\speakingboost.tests.dll" id="095af73f-653f-8a39-e699-c014b0276b96">
      <Execution id="d518d28f-44b0-4b8e-8012-34bfaf6cccc5" />
      <TestMethod codeBase="C:\Users\PC\OneDrive\Desktop\it\c_sharp\SpeakingBoost\SpeakingBoost\SpeakingBoost.Tests\bin\Debug\net8.0\SpeakingBoost.Tests.dll" adapterTypeName="executor://xunit/VsTestRunner2/netcoreapp" className="SpeakingBoost.Tests.Admin.UserServiceTests" name="CreateUserAsync_ValidDto_ReturnsUserDto" />
    </UnitTest>
    <UnitTest name="SpeakingBoost.Tests.Auth.LoginServicesTests.UpdatePassword_NonexistentUser_ReturnsFalse" storage="c:\users\pc\onedrive\desktop\it\c_sharp\speakingboost\speakingboost\speakingboost.tests\bin\debug\net8.0\speakingboost.tests.dll" id="658cdcc2-db5b-12e5-9c25-c01f7606a53c">
      <Execution id="df8af815-e194-4b37-a602-ec2cbbc07096" />
      <TestMethod codeBase="C:\Users\PC\OneDrive\Desktop\it\c_sharp\SpeakingBoost\SpeakingBoost\SpeakingBoost.Tests\bin\Debug\net8.0\SpeakingBoost.Tests.dll" adapterTypeName="executor://xunit/VsTestRunner2/netcoreapp" className="SpeakingBoost.Tests.Auth.LoginServicesTests" name="UpdatePassword_NonexistentUser_ReturnsFalse" />
    </UnitTest>
    <UnitTest name="SpeakingBoost.Tests.Admin.UserServiceTests.CreateUserAsync_DuplicateEmail_ThrowsInvalidOperationException" storage="c:\users\pc\onedrive\desktop\it\c_sharp\speakingboost\speakingboost\speakingboost.tests\bin\debug\net8.0\speakingboost.tests.dll" id="4ea8811e-e6f4-984a-092e-287655d39712">
      <Execution id="d4f8f450-a05e-4537-9749-07381498f71d" />
      <TestMethod codeBase="C:\Users\PC\OneDrive\Desktop\it\c_sharp\SpeakingBoost\SpeakingBoost\SpeakingBoost.Tests\bin\Debug\net8.0\SpeakingBoost.Tests.dll" adapterTypeName="executor://xunit/VsTestRunner2/netcoreapp" className="SpeakingBoost.Tests.Admin.UserServiceTests" name="CreateUserAsync_DuplicateEmail_ThrowsInvalidOperationException" />
    </UnitTest>
    <UnitTest name="SpeakingBoost.Tests.Admin.ExerciseServiceTests.AddExerciseAsync_InvalidTopicId_ThrowsKeyNotFoundException" storage="c:\users\pc\onedrive\desktop\it\c_sharp\speakingboost\speakingboost\speakingboost.tests\bin\debug\net8.0\speakingboost.tests.dll" id="277da137-5b56-3eeb-79d1-b0e619208ec6">
      <Execution id="c187d51f-b84f-4de6-ae7c-00895c1fb551" />
      <TestMethod codeBase="C:\Users\PC\OneDrive\Desktop\it\c_sharp\SpeakingBoost\SpeakingBoost\SpeakingBoost.Tests\bin\Debug\net8.0\SpeakingBoost.Tests.dll" adapterTypeName="executor://xunit/VsTestRunner2/netcoreapp" className="SpeakingBoost.Tests.Admin.ExerciseServiceTests" name="AddExerciseAsync_InvalidTopicId_ThrowsKeyNotFoundException" />
    </UnitTest>
    <UnitTest name="SpeakingBoost.Tests.Admin.ExerciseServiceTests.AddExerciseAsync_ValidData_ReturnsExerciseDto" storage="c:\users\pc\onedrive\desktop\it\c_sharp\speakingboost\speakingboost\speakingboost.tests\bin\debug\net8.0\speakingboost.tests.dll" id="fb7a822f-db09-77a1-d235-d329b1b4b6a8">
      <Execution id="76ab0201-37be-466f-a9f7-bc22ed0c3228" />
      <TestMethod codeBase="C:\Users\PC\OneDrive\Desktop\it\c_sharp\SpeakingBoost\SpeakingBoost\SpeakingBoost.Tests\bin\Debug\net8.0\SpeakingBoost.Tests.dll" adapterTypeName="executor://xunit/VsTestRunner2/netcoreapp" className="SpeakingBoost.Tests.Admin.ExerciseServiceTests" name="AddExerciseAsync_ValidData_ReturnsExerciseDto" />
    </UnitTest>
    <UnitTest name="SpeakingBoost.Tests.Student.SubmissionServiceTests.GetAllHistoryAsync_ValidStudentId_ReturnsSubmissionList" storage="c:\users\pc\onedrive\desktop\it\c_sharp\speakingboost\speakingboost\speakingboost.tests\bin\debug\net8.0\speakingboost.tests.dll" id="daaa2c79-7c99-b21a-5607-75dda9877321">
      <Execution id="06106bb9-c83e-4e74-9df0-3738cbea9249" />
      <TestMethod codeBase="C:\Users\PC\OneDrive\Desktop\it\c_sharp\SpeakingBoost\SpeakingBoost\SpeakingBoost.Tests\bin\Debug\net8.0\SpeakingBoost.Tests.dll" adapterTypeName="executor://xunit/VsTestRunner2/netcoreapp" className="SpeakingBoost.Tests.Student.SubmissionServiceTests" name="GetAllHistoryAsync_ValidStudentId_ReturnsSubmissionList" />
    </UnitTest>
    <UnitTest name="SpeakingBoost.Tests.Admin.ExerciseServiceTests.UpdateTopicAsync_DuplicateName_ThrowsInvalidOperationException" storage="c:\users\pc\onedrive\desktop\it\c_sharp\speakingboost\speakingboost\speakingboost.tests\bin\debug\net8.0\speakingboost.tests.dll" id="d255cb4f-a163-7d2f-c45a-64fd4bdc28c9">
      <Execution id="0ff125b7-de39-4e0a-a356-af514419fab4" />
      <TestMethod codeBase="C:\Users\PC\OneDrive\Desktop\it\c_sharp\SpeakingBoost\SpeakingBoost\SpeakingBoost.Tests\bin\Debug\net8.0\SpeakingBoost.Tests.dll" adapterTypeName="executor://xunit/VsTestRunner2/netcoreapp" className="SpeakingBoost.Tests.Admin.ExerciseServiceTests" name="UpdateTopicAsync_DuplicateName_ThrowsInvalidOperationException" />
    </UnitTest>
    <UnitTest name="SpeakingBoost.Tests.Auth.LoginServicesTests.UpdatePassword_ExistingUser_ReturnsTrue" storage="c:\users\pc\onedrive\desktop\it\c_sharp\speakingboost\speakingboost\speakingboost.tests\bin\debug\net8.0\speakingboost.tests.dll" id="28b797d6-0187-9671-03f0-d0b30f5f8a49">
      <Execution id="362ad1c5-6109-472f-9cb6-e542d9e4e169" />
      <TestMethod codeBase="C:\Users\PC\OneDrive\Desktop\it\c_sharp\SpeakingBoost\SpeakingBoost\SpeakingBoost.Tests\bin\Debug\net8.0\SpeakingBoost.Tests.dll" adapterTypeName="executor://xunit/VsTestRunner2/netcoreapp" className="SpeakingBoost.Tests.Auth.LoginServicesTests" name="UpdatePassword_ExistingUser_ReturnsTrue" />
    </UnitTest>
    <UnitTest name="SpeakingBoost.Tests.Auth.LoginServicesTests.Login_WithCorrectCredentials_ReturnsUser" storage="c:\users\pc\onedrive\desktop\it\c_sharp\speakingboost\speakingboost\speakingboost.tests\bin\debug\net8.0\speakingboost.tests.dll" id="a212cc9b-1643-e7a7-8e70-635b05920c3c">
      <Execution id="391a6a70-6372-49d3-81f4-39a464c2363a" />
      <TestMethod codeBase="C:\Users\PC\OneDrive\Desktop\it\c_sharp\SpeakingBoost\SpeakingBoost\SpeakingBoost.Tests\bin\Debug\net8.0\SpeakingBoost.Tests.dll" adapterTypeName="executor://xunit/VsTestRunner2/netcoreapp" className="SpeakingBoost.Tests.Auth.LoginServicesTests" name="Login_WithCorrectCredentials_ReturnsUser" />
    </UnitTest>
    <UnitTest name="SpeakingBoost.Tests.Admin.UserServiceTests.GetUserByIdAsync_NonexistentId_ThrowsKeyNotFoundException" storage="c:\users\pc\onedrive\desktop\it\c_sharp\speakingboost\speakingboost\speakingboost.tests\bin\debug\net8.0\speakingboost.tests.dll" id="5355d7c1-4819-6520-7982-00a94b67ff99">
      <Execution id="2c6d7020-ce30-45e6-98bd-070f655bd9af" />
      <TestMethod codeBase="C:\Users\PC\OneDrive\Desktop\it\c_sharp\SpeakingBoost\SpeakingBoost\SpeakingBoost.Tests\bin\Debug\net8.0\SpeakingBoost.Tests.dll" adapterTypeName="executor://xunit/VsTestRunner2/netcoreapp" className="SpeakingBoost.Tests.Admin.UserServiceTests" name="GetUserByIdAsync_NonexistentId_ThrowsKeyNotFoundException" />
    </UnitTest>
    <UnitTest name="SpeakingBoost.Tests.Student.SubmissionServiceTests.GetAttemptDetailAsync_SubmissionNotBelongToStudent_ReturnsFail" storage="c:\users\pc\onedrive\desktop\it\c_sharp\speakingboost\speakingboost\speakingboost.tests\bin\debug\net8.0\speakingboost.tests.dll" id="e308b5bf-5a67-40a0-7671-b12da88545d1">
      <Execution id="1fdb6b19-8c3f-446b-8e81-69898b959486" />
      <TestMethod codeBase="C:\Users\PC\OneDrive\Desktop\it\c_sharp\SpeakingBoost\SpeakingBoost\SpeakingBoost.Tests\bin\Debug\net8.0\SpeakingBoost.Tests.dll" adapterTypeName="executor://xunit/VsTestRunner2/netcoreapp" className="SpeakingBoost.Tests.Student.SubmissionServiceTests" name="GetAttemptDetailAsync_SubmissionNotBelongToStudent_ReturnsFail" />
    </UnitTest>
    <UnitTest name="SpeakingBoost.Tests.Admin.ExerciseServiceTests.DeleteExerciseAsync_WithSubmissions_DeletesSubmissionsFirst" storage="c:\users\pc\onedrive\desktop\it\c_sharp\speakingboost\speakingboost\speakingboost.tests\bin\debug\net8.0\speakingboost.tests.dll" id="55e916d3-1326-97ba-1196-499fe305f76f">
      <Execution id="fcd1527d-2098-4682-8bc6-8f877a032c4f" />
      <TestMethod codeBase="C:\Users\PC\OneDrive\Desktop\it\c_sharp\SpeakingBoost\SpeakingBoost\SpeakingBoost.Tests\bin\Debug\net8.0\SpeakingBoost.Tests.dll" adapterTypeName="executor://xunit/VsTestRunner2/netcoreapp" className="SpeakingBoost.Tests.Admin.ExerciseServiceTests" name="DeleteExerciseAsync_WithSubmissions_DeletesSubmissionsFirst" />
    </UnitTest>
    <UnitTest name="SpeakingBoost.Tests.Admin.ExerciseServiceTests.GetExerciseAsync_NonexistentId_ThrowsKeyNotFoundException" storage="c:\users\pc\onedrive\desktop\it\c_sharp\speakingboost\speakingboost\speakingboost.tests\bin\debug\net8.0\speakingboost.tests.dll" id="0b298fb0-1089-d200-d1dd-6f536ab9c741">
      <Execution id="a50d193b-768a-4035-963b-810bf0ac56c1" />
      <TestMethod codeBase="C:\Users\PC\OneDrive\Desktop\it\c_sharp\SpeakingBoost\SpeakingBoost\SpeakingBoost.Tests\bin\Debug\net8.0\SpeakingBoost.Tests.dll" adapterTypeName="executor://xunit/VsTestRunner2/netcoreapp" className="SpeakingBoost.Tests.Admin.ExerciseServiceTests" name="GetExerciseAsync_NonexistentId_ThrowsKeyNotFoundException" />
    </UnitTest>
    <UnitTest name="SpeakingBoost.Tests.Student.SubmissionServiceTests.GetAllHistoryAsync_StudentWithNoSubmissions_ReturnsEmptyList" storage="c:\users\pc\onedrive\desktop\it\c_sharp\speakingboost\speakingboost\speakingboost.tests\bin\debug\net8.0\speakingboost.tests.dll" id="93226883-4ffd-e054-e6e3-71e6e18b2714">
      <Execution id="27a86703-ba11-4371-84d4-11c2d5b1963b" />
      <TestMethod codeBase="C:\Users\PC\OneDrive\Desktop\it\c_sharp\SpeakingBoost\SpeakingBoost\SpeakingBoost.Tests\bin\Debug\net8.0\SpeakingBoost.Tests.dll" adapterTypeName="executor://xunit/VsTestRunner2/netcoreapp" className="SpeakingBoost.Tests.Student.SubmissionServiceTests" name="GetAllHistoryAsync_StudentWithNoSubmissions_ReturnsEmptyList" />
    </UnitTest>
    <UnitTest name="SpeakingBoost.Tests.Admin.UserServiceTests.DeleteUserAsync_ValidId_DeletesRelationsBeforeUser" storage="c:\users\pc\onedrive\desktop\it\c_sharp\speakingboost\speakingboost\speakingboost.tests\bin\debug\net8.0\speakingboost.tests.dll" id="9b96e3df-79c9-8d4b-5f4f-5fa035fd45b7">
      <Execution id="41f958dc-6238-4a0d-adbc-0800d8cda6f8" />
      <TestMethod codeBase="C:\Users\PC\OneDrive\Desktop\it\c_sharp\SpeakingBoost\SpeakingBoost\SpeakingBoost.Tests\bin\Debug\net8.0\SpeakingBoost.Tests.dll" adapterTypeName="executor://xunit/VsTestRunner2/netcoreapp" className="SpeakingBoost.Tests.Admin.UserServiceTests" name="DeleteUserAsync_ValidId_DeletesRelationsBeforeUser" />
    </UnitTest>
    <UnitTest name="SpeakingBoost.Tests.Admin.UserServiceTests.GetUserByIdAsync_ValidStudentId_ReturnsUserDto" storage="c:\users\pc\onedrive\desktop\it\c_sharp\speakingboost\speakingboost\speakingboost.tests\bin\debug\net8.0\speakingboost.tests.dll" id="4192f3f4-ca53-a429-71a4-9ecbd0622080">
      <Execution id="45f857fa-8edf-4747-bf87-380494394703" />
      <TestMethod codeBase="C:\Users\PC\OneDrive\Desktop\it\c_sharp\SpeakingBoost\SpeakingBoost\SpeakingBoost.Tests\bin\Debug\net8.0\SpeakingBoost.Tests.dll" adapterTypeName="executor://xunit/VsTestRunner2/netcoreapp" className="SpeakingBoost.Tests.Admin.UserServiceTests" name="GetUserByIdAsync_ValidStudentId_ReturnsUserDto" />
    </UnitTest>
    <UnitTest name="SpeakingBoost.Tests.Admin.UserServiceTests.DeleteUserAsync_NonexistentId_ThrowsKeyNotFoundException" storage="c:\users\pc\onedrive\desktop\it\c_sharp\speakingboost\speakingboost\speakingboost.tests\bin\debug\net8.0\speakingboost.tests.dll" id="2280788f-288f-7f74-8307-b17b5b2f86a5">
      <Execution id="f94c28d6-c5e5-462c-b78c-15e2f75bcab0" />
      <TestMethod codeBase="C:\Users\PC\OneDrive\Desktop\it\c_sharp\SpeakingBoost\SpeakingBoost\SpeakingBoost.Tests\bin\Debug\net8.0\SpeakingBoost.Tests.dll" adapterTypeName="executor://xunit/VsTestRunner2/netcoreapp" className="SpeakingBoost.Tests.Admin.UserServiceTests" name="DeleteUserAsync_NonexistentId_ThrowsKeyNotFoundException" />
    </UnitTest>
    <UnitTest name="SpeakingBoost.Tests.Auth.LoginServicesTests.HashPassword_SameInput_ReturnsSameHash" storage="c:\users\pc\onedrive\desktop\it\c_sharp\speakingboost\speakingboost\speakingboost.tests\bin\debug\net8.0\speakingboost.tests.dll" id="7adc3715-765c-b77c-f4e2-2acd9e456fe5">
      <Execution id="27684717-e4a3-4c1d-8ab6-7209b75b8a5f" />
      <TestMethod codeBase="C:\Users\PC\OneDrive\Desktop\it\c_sharp\SpeakingBoost\SpeakingBoost\SpeakingBoost.Tests\bin\Debug\net8.0\SpeakingBoost.Tests.dll" adapterTypeName="executor://xunit/VsTestRunner2/netcoreapp" className="SpeakingBoost.Tests.Auth.LoginServicesTests" name="HashPassword_SameInput_ReturnsSameHash" />
    </UnitTest>
    <UnitTest name="SpeakingBoost.Tests.Admin.UserServiceTests.UpdateUserAsync_ValidData_NormalizesEmail" storage="c:\users\pc\onedrive\desktop\it\c_sharp\speakingboost\speakingboost\speakingboost.tests\bin\debug\net8.0\speakingboost.tests.dll" id="12c0ccf3-9a49-0aee-2c22-46e049640a2c">
      <Execution id="588baf1e-1700-4e1e-a56e-ee03e6bc873b" />
      <TestMethod codeBase="C:\Users\PC\OneDrive\Desktop\it\c_sharp\SpeakingBoost\SpeakingBoost\SpeakingBoost.Tests\bin\Debug\net8.0\SpeakingBoost.Tests.dll" adapterTypeName="executor://xunit/VsTestRunner2/netcoreapp" className="SpeakingBoost.Tests.Admin.UserServiceTests" name="UpdateUserAsync_ValidData_NormalizesEmail" />
    </UnitTest>
    <UnitTest name="SpeakingBoost.Tests.Student.SubmissionServiceTests.GetAttemptDetailAsync_ValidSubmission_ReturnsDetailDto" storage="c:\users\pc\onedrive\desktop\it\c_sharp\speakingboost\speakingboost\speakingboost.tests\bin\debug\net8.0\speakingboost.tests.dll" id="5dffeae6-617e-e10d-655a-2f04113164ef">
      <Execution id="06a90ac9-bf97-408a-bdf6-5d9426b0a64e" />
      <TestMethod codeBase="C:\Users\PC\OneDrive\Desktop\it\c_sharp\SpeakingBoost\SpeakingBoost\SpeakingBoost.Tests\bin\Debug\net8.0\SpeakingBoost.Tests.dll" adapterTypeName="executor://xunit/VsTestRunner2/netcoreapp" className="SpeakingBoost.Tests.Student.SubmissionServiceTests" name="GetAttemptDetailAsync_ValidSubmission_ReturnsDetailDto" />
    </UnitTest>
    <UnitTest name="SpeakingBoost.Tests.Auth.JwtServiceTests.GenerateToken_NewToken_IsNotExpired" storage="c:\users\pc\onedrive\desktop\it\c_sharp\speakingboost\speakingboost\speakingboost.tests\bin\debug\net8.0\speakingboost.tests.dll" id="b7f21711-7c3b-a686-2c7b-264ba174d53c">
      <Execution id="d813e012-9403-40c0-b91f-1089c8260333" />
      <TestMethod codeBase="C:\Users\PC\OneDrive\Desktop\it\c_sharp\SpeakingBoost\SpeakingBoost\SpeakingBoost.Tests\bin\Debug\net8.0\SpeakingBoost.Tests.dll" adapterTypeName="executor://xunit/VsTestRunner2/netcoreapp" className="SpeakingBoost.Tests.Auth.JwtServiceTests" name="GenerateToken_NewToken_IsNotExpired" />
    </UnitTest>
    <UnitTest name="SpeakingBoost.Tests.Admin.ExerciseServiceTests.UpdateTopicAsync_NonexistentId_ThrowsKeyNotFoundException" storage="c:\users\pc\onedrive\desktop\it\c_sharp\speakingboost\speakingboost\speakingboost.tests\bin\debug\net8.0\speakingboost.tests.dll" id="d0d5d0c3-aa7f-654a-90b9-b3b6e867dfd8">
      <Execution id="1ea44199-9d01-4912-b367-7699b8b93cd6" />
      <TestMethod codeBase="C:\Users\PC\OneDrive\Desktop\it\c_sharp\SpeakingBoost\SpeakingBoost\SpeakingBoost.Tests\bin\Debug\net8.0\SpeakingBoost.Tests.dll" adapterTypeName="executor://xunit/VsTestRunner2/netcoreapp" className="SpeakingBoost.Tests.Admin.ExerciseServiceTests" name="UpdateTopicAsync_NonexistentId_ThrowsKeyNotFoundException" />
    </UnitTest>
    <UnitTest name="SpeakingBoost.Tests.Admin.ExerciseServiceTests.DeleteTopicAsync_WithSubmissions_ThrowsInvalidOperationException" storage="c:\users\pc\onedrive\desktop\it\c_sharp\speakingboost\speakingboost\speakingboost.tests\bin\debug\net8.0\speakingboost.tests.dll" id="64b7303c-c5b6-9d20-17d9-292c4597d855">
      <Execution id="a6fd00ac-e41a-4400-a088-70d7ed194273" />
      <TestMethod codeBase="C:\Users\PC\OneDrive\Desktop\it\c_sharp\SpeakingBoost\SpeakingBoost\SpeakingBoost.Tests\bin\Debug\net8.0\SpeakingBoost.Tests.dll" adapterTypeName="executor://xunit/VsTestRunner2/netcoreapp" className="SpeakingBoost.Tests.Admin.ExerciseServiceTests" name="DeleteTopicAsync_WithSubmissions_ThrowsInvalidOperationException" />
    </UnitTest>
    <UnitTest name="SpeakingBoost.Tests.Student.SubmissionServiceTests.GetStatusAsync_NonexistentSubmission_ReturnsFail404" storage="c:\users\pc\onedrive\desktop\it\c_sharp\speakingboost\speakingboost\speakingboost.tests\bin\debug\net8.0\speakingboost.tests.dll" id="2bb2e4e4-2abd-21a7-5966-800083513c3f">
      <Execution id="597d3432-9524-4076-a567-b6a083242263" />
      <TestMethod codeBase="C:\Users\PC\OneDrive\Desktop\it\c_sharp\SpeakingBoost\SpeakingBoost\SpeakingBoost.Tests\bin\Debug\net8.0\SpeakingBoost.Tests.dll" adapterTypeName="executor://xunit/VsTestRunner2/netcoreapp" className="SpeakingBoost.Tests.Student.SubmissionServiceTests" name="GetStatusAsync_NonexistentSubmission_ReturnsFail404" />
    </UnitTest>
    <UnitTest name="SpeakingBoost.Tests.Auth.JwtServiceTests.GenerateToken_ValidUser_ContainsCorrectClaims" storage="c:\users\pc\onedrive\desktop\it\c_sharp\speakingboost\speakingboost\speakingboost.tests\bin\debug\net8.0\speakingboost.tests.dll" id="006a13a1-52ba-cbf0-959d-e383be097e8d">
      <Execution id="811bf7e3-b765-4836-8823-d428af0f9469" />
      <TestMethod codeBase="C:\Users\PC\OneDrive\Desktop\it\c_sharp\SpeakingBoost\SpeakingBoost\SpeakingBoost.Tests\bin\Debug\net8.0\SpeakingBoost.Tests.dll" adapterTypeName="executor://xunit/VsTestRunner2/netcoreapp" className="SpeakingBoost.Tests.Auth.JwtServiceTests" name="GenerateToken_ValidUser_ContainsCorrectClaims" />
    </UnitTest>
    <UnitTest name="SpeakingBoost.Tests.Admin.UserServiceTests.GetUserByIdAsync_AdminRole_ThrowsKeyNotFoundException" storage="c:\users\pc\onedrive\desktop\it\c_sharp\speakingboost\speakingboost\speakingboost.tests\bin\debug\net8.0\speakingboost.tests.dll" id="54e23d81-6103-1a5d-a86c-7a3c7e11f887">
      <Execution id="8bd79f11-1426-4271-a304-3f8ad869eb2c" />
      <TestMethod codeBase="C:\Users\PC\OneDrive\Desktop\it\c_sharp\SpeakingBoost\SpeakingBoost\SpeakingBoost.Tests\bin\Debug\net8.0\SpeakingBoost.Tests.dll" adapterTypeName="executor://xunit/VsTestRunner2/netcoreapp" className="SpeakingBoost.Tests.Admin.UserServiceTests" name="GetUserByIdAsync_AdminRole_ThrowsKeyNotFoundException" />
    </UnitTest>
    <UnitTest name="SpeakingBoost.Tests.Admin.ExerciseServiceTests.CreateTopicAsync_DuplicateName_ThrowsInvalidOperationException" storage="c:\users\pc\onedrive\desktop\it\c_sharp\speakingboost\speakingboost\speakingboost.tests\bin\debug\net8.0\speakingboost.tests.dll" id="6faa71d9-890a-3297-57a7-d114d9f036e8">
      <Execution id="3c18e84d-c748-4f30-a18b-5cacef99bc1e" />
      <TestMethod codeBase="C:\Users\PC\OneDrive\Desktop\it\c_sharp\SpeakingBoost\SpeakingBoost\SpeakingBoost.Tests\bin\Debug\net8.0\SpeakingBoost.Tests.dll" adapterTypeName="executor://xunit/VsTestRunner2/netcoreapp" className="SpeakingBoost.Tests.Admin.ExerciseServiceTests" name="CreateTopicAsync_DuplicateName_ThrowsInvalidOperationException" />
    </UnitTest>
    <UnitTest name="SpeakingBoost.Tests.Admin.ExerciseServiceTests.CreateTopicAsync_ValidDto_ReturnsTopicDto" storage="c:\users\pc\onedrive\desktop\it\c_sharp\speakingboost\speakingboost\speakingboost.tests\bin\debug\net8.0\speakingboost.tests.dll" id="e30a2f21-02da-702a-864e-8acac5e18300">
      <Execution id="6883683a-12ed-4eef-b230-3e1bdcb34edb" />
      <TestMethod codeBase="C:\Users\PC\OneDrive\Desktop\it\c_sharp\SpeakingBoost\SpeakingBoost\SpeakingBoost.Tests\bin\Debug\net8.0\SpeakingBoost.Tests.dll" adapterTypeName="executor://xunit/VsTestRunner2/netcoreapp" className="SpeakingBoost.Tests.Admin.ExerciseServiceTests" name="CreateTopicAsync_ValidDto_ReturnsTopicDto" />
    </UnitTest>
    <UnitTest name="SpeakingBoost.Tests.Auth.LoginServicesTests.Login_WithNonexistentEmail_ReturnsNull" storage="c:\users\pc\onedrive\desktop\it\c_sharp\speakingboost\speakingboost\speakingboost.tests\bin\debug\net8.0\speakingboost.tests.dll" id="72331232-14d2-41fb-c0d8-20a2341f04a7">
      <Execution id="761b9b55-bd75-4dae-92b2-f541ac7cf8da" />
      <TestMethod codeBase="C:\Users\PC\OneDrive\Desktop\it\c_sharp\SpeakingBoost\SpeakingBoost\SpeakingBoost.Tests\bin\Debug\net8.0\SpeakingBoost.Tests.dll" adapterTypeName="executor://xunit/VsTestRunner2/netcoreapp" className="SpeakingBoost.Tests.Auth.LoginServicesTests" name="Login_WithNonexistentEmail_ReturnsNull" />
    </UnitTest>
    <UnitTest name="SpeakingBoost.Tests.Auth.JwtServiceTests.GenerateToken_ValidUser_ReturnsValidJwtString" storage="c:\users\pc\onedrive\desktop\it\c_sharp\speakingboost\speakingboost\speakingboost.tests\bin\debug\net8.0\speakingboost.tests.dll" id="d7d02a8a-907e-96bc-62b6-0b925c5f5741">
      <Execution id="ddd3a9b0-b197-47fb-a810-0a399a996871" />
      <TestMethod codeBase="C:\Users\PC\OneDrive\Desktop\it\c_sharp\SpeakingBoost\SpeakingBoost\SpeakingBoost.Tests\bin\Debug\net8.0\SpeakingBoost.Tests.dll" adapterTypeName="executor://xunit/VsTestRunner2/netcoreapp" className="SpeakingBoost.Tests.Auth.JwtServiceTests" name="GenerateToken_ValidUser_ReturnsValidJwtString" />
    </UnitTest>
    <UnitTest name="SpeakingBoost.Tests.Admin.ExerciseServiceTests.UpdateExerciseAsync_MissingTopicId_ThrowsArgumentException" storage="c:\users\pc\onedrive\desktop\it\c_sharp\speakingboost\speakingboost\speakingboost.tests\bin\debug\net8.0\speakingboost.tests.dll" id="28ce3b41-5e26-4c37-1327-4987eb65588a">
      <Execution id="147707c7-8fac-4b3b-bac4-d2615c20ef20" />
      <TestMethod codeBase="C:\Users\PC\OneDrive\Desktop\it\c_sharp\SpeakingBoost\SpeakingBoost\SpeakingBoost.Tests\bin\Debug\net8.0\SpeakingBoost.Tests.dll" adapterTypeName="executor://xunit/VsTestRunner2/netcoreapp" className="SpeakingBoost.Tests.Admin.ExerciseServiceTests" name="UpdateExerciseAsync_MissingTopicId_ThrowsArgumentException" />
    </UnitTest>
    <UnitTest name="SpeakingBoost.Tests.Auth.LoginServicesTests.GetUserByEmail_ExistingEmail_ReturnsUser" storage="c:\users\pc\onedrive\desktop\it\c_sharp\speakingboost\speakingboost\speakingboost.tests\bin\debug\net8.0\speakingboost.tests.dll" id="4c2e3c49-d140-9f61-7730-8c1fc853360c">
      <Execution id="54070067-bcdd-45c7-83a8-c1ffa78118b4" />
      <TestMethod codeBase="C:\Users\PC\OneDrive\Desktop\it\c_sharp\SpeakingBoost\SpeakingBoost\SpeakingBoost.Tests\bin\Debug\net8.0\SpeakingBoost.Tests.dll" adapterTypeName="executor://xunit/VsTestRunner2/netcoreapp" className="SpeakingBoost.Tests.Auth.LoginServicesTests" name="GetUserByEmail_ExistingEmail_ReturnsUser" />
    </UnitTest>
  </TestDefinitions>
  <TestEntries>
    <TestEntry testId="658cdcc2-db5b-12e5-9c25-c01f7606a53c" executionId="df8af815-e194-4b37-a602-ec2cbbc07096" testListId="8c84fa94-04c1-424b-9868-57a2d4851a1d" />
    <TestEntry testId="28b797d6-0187-9671-03f0-d0b30f5f8a49" executionId="362ad1c5-6109-472f-9cb6-e542d9e4e169" testListId="8c84fa94-04c1-424b-9868-57a2d4851a1d" />
    <TestEntry testId="9b96e3df-79c9-8d4b-5f4f-5fa035fd45b7" executionId="41f958dc-6238-4a0d-adbc-0800d8cda6f8" testListId="8c84fa94-04c1-424b-9868-57a2d4851a1d" />
    <TestEntry testId="7adc3715-765c-b77c-f4e2-2acd9e456fe5" executionId="27684717-e4a3-4c1d-8ab6-7209b75b8a5f" testListId="8c84fa94-04c1-424b-9868-57a2d4851a1d" />
    <TestEntry testId="d7d02a8a-907e-96bc-62b6-0b925c5f5741" executionId="ddd3a9b0-b197-47fb-a810-0a399a996871" testListId="8c84fa94-04c1-424b-9868-57a2d4851a1d" />
    <TestEntry testId="93226883-4ffd-e054-e6e3-71e6e18b2714" executionId="27a86703-ba11-4371-84d4-11c2d5b1963b" testListId="8c84fa94-04c1-424b-9868-57a2d4851a1d" />
    <TestEntry testId="f33e3c8e-7cb6-2d6e-2ffd-f7403a6183e8" executionId="9801f569-47e0-48d1-9db7-122a3c25e300" testListId="8c84fa94-04c1-424b-9868-57a2d4851a1d" />
    <TestEntry testId="4c2e3c49-d140-9f61-7730-8c1fc853360c" executionId="54070067-bcdd-45c7-83a8-c1ffa78118b4" testListId="8c84fa94-04c1-424b-9868-57a2d4851a1d" />
    <TestEntry testId="daaa2c79-7c99-b21a-5607-75dda9877321" executionId="06106bb9-c83e-4e74-9df0-3738cbea9249" testListId="8c84fa94-04c1-424b-9868-57a2d4851a1d" />
    <TestEntry testId="72331232-14d2-41fb-c0d8-20a2341f04a7" executionId="761b9b55-bd75-4dae-92b2-f541ac7cf8da" testListId="8c84fa94-04c1-424b-9868-57a2d4851a1d" />
    <TestEntry testId="4192f3f4-ca53-a429-71a4-9ecbd0622080" executionId="45f857fa-8edf-4747-bf87-380494394703" testListId="8c84fa94-04c1-424b-9868-57a2d4851a1d" />
    <TestEntry testId="2280788f-288f-7f74-8307-b17b5b2f86a5" executionId="f94c28d6-c5e5-462c-b78c-15e2f75bcab0" testListId="8c84fa94-04c1-424b-9868-57a2d4851a1d" />
    <TestEntry testId="e308b5bf-5a67-40a0-7671-b12da88545d1" executionId="1fdb6b19-8c3f-446b-8e81-69898b959486" testListId="8c84fa94-04c1-424b-9868-57a2d4851a1d" />
    <TestEntry testId="b7f21711-7c3b-a686-2c7b-264ba174d53c" executionId="d813e012-9403-40c0-b91f-1089c8260333" testListId="8c84fa94-04c1-424b-9868-57a2d4851a1d" />
    <TestEntry testId="64b7303c-c5b6-9d20-17d9-292c4597d855" executionId="a6fd00ac-e41a-4400-a088-70d7ed194273" testListId="8c84fa94-04c1-424b-9868-57a2d4851a1d" />
    <TestEntry testId="d255cb4f-a163-7d2f-c45a-64fd4bdc28c9" executionId="0ff125b7-de39-4e0a-a356-af514419fab4" testListId="8c84fa94-04c1-424b-9868-57a2d4851a1d" />
    <TestEntry testId="fb7a822f-db09-77a1-d235-d329b1b4b6a8" executionId="76ab0201-37be-466f-a9f7-bc22ed0c3228" testListId="8c84fa94-04c1-424b-9868-57a2d4851a1d" />
    <TestEntry testId="55e916d3-1326-97ba-1196-499fe305f76f" executionId="fcd1527d-2098-4682-8bc6-8f877a032c4f" testListId="8c84fa94-04c1-424b-9868-57a2d4851a1d" />
    <TestEntry testId="6faa71d9-890a-3297-57a7-d114d9f036e8" executionId="3c18e84d-c748-4f30-a18b-5cacef99bc1e" testListId="8c84fa94-04c1-424b-9868-57a2d4851a1d" />
    <TestEntry testId="deae44f7-523c-34a9-833d-cc42378a182b" executionId="70a8f8fd-f200-4290-b9fb-ab9c61443cf6" testListId="8c84fa94-04c1-424b-9868-57a2d4851a1d" />
    <TestEntry testId="0b298fb0-1089-d200-d1dd-6f536ab9c741" executionId="a50d193b-768a-4035-963b-810bf0ac56c1" testListId="8c84fa94-04c1-424b-9868-57a2d4851a1d" />
    <TestEntry testId="a212cc9b-1643-e7a7-8e70-635b05920c3c" executionId="391a6a70-6372-49d3-81f4-39a464c2363a" testListId="8c84fa94-04c1-424b-9868-57a2d4851a1d" />
    <TestEntry testId="12c0ccf3-9a49-0aee-2c22-46e049640a2c" executionId="588baf1e-1700-4e1e-a56e-ee03e6bc873b" testListId="8c84fa94-04c1-424b-9868-57a2d4851a1d" />
    <TestEntry testId="ab2f35ce-2bc1-3c8a-8bdd-1877769e5859" executionId="2c954f83-0aea-4358-968f-e515186700ca" testListId="8c84fa94-04c1-424b-9868-57a2d4851a1d" />
    <TestEntry testId="5355d7c1-4819-6520-7982-00a94b67ff99" executionId="2c6d7020-ce30-45e6-98bd-070f655bd9af" testListId="8c84fa94-04c1-424b-9868-57a2d4851a1d" />
    <TestEntry testId="5dffeae6-617e-e10d-655a-2f04113164ef" executionId="06a90ac9-bf97-408a-bdf6-5d9426b0a64e" testListId="8c84fa94-04c1-424b-9868-57a2d4851a1d" />
    <TestEntry testId="2bb2e4e4-2abd-21a7-5966-800083513c3f" executionId="597d3432-9524-4076-a567-b6a083242263" testListId="8c84fa94-04c1-424b-9868-57a2d4851a1d" />
    <TestEntry testId="006a13a1-52ba-cbf0-959d-e383be097e8d" executionId="811bf7e3-b765-4836-8823-d428af0f9469" testListId="8c84fa94-04c1-424b-9868-57a2d4851a1d" />
    <TestEntry testId="4ea8811e-e6f4-984a-092e-287655d39712" executionId="d4f8f450-a05e-4537-9749-07381498f71d" testListId="8c84fa94-04c1-424b-9868-57a2d4851a1d" />
    <TestEntry testId="28ce3b41-5e26-4c37-1327-4987eb65588a" executionId="147707c7-8fac-4b3b-bac4-d2615c20ef20" testListId="8c84fa94-04c1-424b-9868-57a2d4851a1d" />
    <TestEntry testId="5f437fc9-e2dd-e269-87b6-3333c8e04273" executionId="a55909fb-a45b-4586-87f1-fb8df13df923" testListId="8c84fa94-04c1-424b-9868-57a2d4851a1d" />
    <TestEntry testId="095af73f-653f-8a39-e699-c014b0276b96" executionId="d518d28f-44b0-4b8e-8012-34bfaf6cccc5" testListId="8c84fa94-04c1-424b-9868-57a2d4851a1d" />
    <TestEntry testId="54e23d81-6103-1a5d-a86c-7a3c7e11f887" executionId="8bd79f11-1426-4271-a304-3f8ad869eb2c" testListId="8c84fa94-04c1-424b-9868-57a2d4851a1d" />
    <TestEntry testId="277da137-5b56-3eeb-79d1-b0e619208ec6" executionId="c187d51f-b84f-4de6-ae7c-00895c1fb551" testListId="8c84fa94-04c1-424b-9868-57a2d4851a1d" />
    <TestEntry testId="e30a2f21-02da-702a-864e-8acac5e18300" executionId="6883683a-12ed-4eef-b230-3e1bdcb34edb" testListId="8c84fa94-04c1-424b-9868-57a2d4851a1d" />
    <TestEntry testId="42184c25-c812-dd4a-ca2a-5a572ae6bc33" executionId="d7d34745-976f-43f2-a447-e4dac8236f80" testListId="8c84fa94-04c1-424b-9868-57a2d4851a1d" />
    <TestEntry testId="d0d5d0c3-aa7f-654a-90b9-b3b6e867dfd8" executionId="1ea44199-9d01-4912-b367-7699b8b93cd6" testListId="8c84fa94-04c1-424b-9868-57a2d4851a1d" />
  </TestEntries>
  <TestLists>
    <TestList name="Results Not in a List" id="8c84fa94-04c1-424b-9868-57a2d4851a1d" />
    <TestList name="All Loaded Results" id="19431567-8539-422a-85d7-44ee4e166bda" />
  </TestLists>
  <ResultSummary outcome="Completed">
    <Counters total="37" executed="37" passed="37" failed="0" error="0" timeout="0" aborted="0" inconclusive="0" passedButRunAborted="0" notRunnable="0" notExecuted="0" disconnected="0" warning="0" completed="0" inProgress="0" pending="0" />
    <Output>
      <StdOut>[xUnit.net 00:00:00.00] xUnit.net VSTest Adapter v2.5.3.1+6b60a9e56a (64-bit .NET 8.0.26)&#xD;
[xUnit.net 00:00:00.06]   Discovering: SpeakingBoost.Tests&#xD;
[xUnit.net 00:00:00.08]   Discovered:  SpeakingBoost.Tests&#xD;
[xUnit.net 00:00:00.08]   Starting:    SpeakingBoost.Tests&#xD;
[xUnit.net 00:00:00.67]   Finished:    SpeakingBoost.Tests&#xD;
</StdOut>
    </Output>
  </ResultSummary>
</TestRun>